// Vitest Snapshot v1, https://vitest.dev/guide/snapshot.html

exports[`DetectedJobCard snapshot > matches snapshot 1`] = `"<div class="space-y-2"><div class="border-l-4 border-blue-600 rounded-md p-3 bg-white shadow-md dark:bg-zinc-800"><p class="font-medium leading-snug line-clamp-2" title="AI Prompt Engineer">AI Prompt Engineer</p><p class="text-sm text-muted-foreground truncate" title="OpenAI">OpenAI</p><p class="text-xs text-muted-foreground truncate" title="Remote">Remote</p></div><button class="w-full rounded bg-blue-600 hover:bg-blue-700 active:bg-blue-800 text-white px-3 py-2 text-sm focus:outline-none focus:ring focus:ring-offset-2 focus:ring-blue-500 transition-colors">Send to Resume Hatch</button><button class="w-full rounded border border-blue-600 text-blue-600 hover:bg-blue-50 dark:hover:bg-blue-900/20 px-3 py-2 text-sm focus:outline-none focus:ring focus:ring-offset-2 focus:ring-blue-500 transition">Copy description</button></div>"`;
